******************************************************************************
                  TI ARM Linker PC v20.2.7                     
******************************************************************************
>> Linked Mon Jan 22 12:37:51 2024

OUTPUT FILE NAME:   <Lab_2_Part_C.out>
ENTRY POINT SYMBOL: "_c_int00_noargs"  address: 00000891


MEMORY CONFIGURATION

         name            origin    length      used     unused   attr    fill
----------------------  --------  ---------  --------  --------  ----  --------
  MAIN                  00000000   00040000  0000093c  0003f6c4  R  X
  INFO                  00200000   00004000  00000000  00004000  R  X
  SRAM_CODE             01000000   00010000  00000221  0000fddf  RW X
  SRAM_DATA             20000000   00010000  00000221  0000fddf  RW  


SEGMENT ALLOCATION MAP

run origin  load origin   length   init length attrs members
----------  ----------- ---------- ----------- ----- -------
00000000    00000000    00000940   00000940    r-x
  00000000    00000000    000000e4   000000e4    r-- .intvecs
  000000e4    000000e4    00000820   00000820    r-x .text
  00000908    00000908    00000038   00000038    r-- .cinit
20000000    20000000    00000021   00000000    rw-
  20000000    20000000    0000001c   00000000    rw- .data
  2000001c    2000001c    00000005   00000000    rw- .bss
2000fe00    2000fe00    00000200   00000000    rw-
  2000fe00    2000fe00    00000200   00000000    rw- .stack


SECTION ALLOCATION MAP

 output                                  attributes/
section   page    origin      length       input sections
--------  ----  ----------  ----------   ----------------
.intvecs   0    00000000    000000e4     
                  00000000    000000e4     startup_msp432p401r_ccs.obj (.intvecs:retain)

.text      0    000000e4    00000820     
                  000000e4    00000334     system_msp432p401r.obj (.text)
                  00000418    000001e0     Clock.obj (.text)
                  000005f8    00000114     Reflectance.obj (.text)
                  0000070c    0000009c     rtsv7M4_T_le_v4SPD16_eabi.lib : memcpy_t2.asm.obj (.text)
                  000007a8    00000068                                   : copy_decompress_lzss.c.obj (.text:decompress:lzss:__TI_decompress_lzss)
                  00000810    00000044                                   : autoinit.c.obj (.text:__TI_auto_init_nobinit_nopinit:__TI_auto_init_nobinit_nopinit)
                  00000854    0000003c     main.obj (.text)
                  00000890    00000034     rtsv7M4_T_le_v4SPD16_eabi.lib : boot_cortex_m.c.obj (.text:_c_int00_noargs:_c_int00_noargs)
                  000008c4    0000001c                                   : copy_zero_init.c.obj (.text:decompress:ZI:__TI_zero_init_nomemset:__TI_zero_init_nomemset)
                  000008e0    0000000e                                   : copy_decompress_none.c.obj (.text:decompress:none:__TI_decompress_none)
                  000008ee    0000000e     startup_msp432p401r_ccs.obj (.text)
                  000008fc    00000004     rtsv7M4_T_le_v4SPD16_eabi.lib : pre_init.c.obj (.text:_system_pre_init)
                  00000900    00000004                                   : exit.c.obj (.text:abort:abort)

.cinit     0    00000908    00000038     
                  00000908    0000000d     (.cinit..data.load) [load image, compression = lzss]
                  00000915    00000003     --HOLE-- [fill = 0]
                  00000918    0000000c     (__TI_handler_table)
                  00000924    00000004     --HOLE-- [fill = 0]
                  00000928    00000008     (.cinit..bss.load) [load image, compression = zero_init]
                  00000930    00000010     (__TI_cinit_table)

.init_array 
*          0    00000000    00000000     UNINITIALIZED

.binit     0    00000000    00000000     

.data      0    20000000    0000001c     UNINITIALIZED
                  20000000    00000018     Clock.obj (.data)
                  20000018    00000004     system_msp432p401r.obj (.data)

.bss       0    2000001c    00000005     UNINITIALIZED
                  2000001c    00000004     (.common:Time)
                  20000020    00000001     (.common:data)

.stack     0    2000fe00    00000200     UNINITIALIZED
                  2000fe00    00000004     rtsv7M4_T_le_v4SPD16_eabi.lib : boot_cortex_m.c.obj (.stack)
                  2000fe04    000001fc     --HOLE--

__llvm_prf_cnts 
*          0    20000000    00000000     UNINITIALIZED

MODULE SUMMARY

       Module                        code   ro data   rw data
       ------                        ----   -------   -------
    .\
       system_msp432p401r.obj        820    0         8      
       Clock.obj                     480    0         48     
       Reflectance.obj               276    0         0      
       startup_msp432p401r_ccs.obj   14     228       0      
       main.obj                      60     0         10     
    +--+-----------------------------+------+---------+---------+
       Total:                        1650   228       66     
                                                             
    C:\ti\ccs1250\ccs\tools\compiler\ti-cgt-arm_20.2.7.LTS\lib\rtsv7M4_T_le_v4SPD16_eabi.lib
       memcpy_t2.asm.obj             156    0         0      
       copy_decompress_lzss.c.obj    104    0         0      
       autoinit.c.obj                68     0         0      
       boot_cortex_m.c.obj           52     0         0      
       copy_zero_init.c.obj          28     0         0      
       copy_decompress_none.c.obj    14     0         0      
       exit.c.obj                    4      0         0      
       pre_init.c.obj                4      0         0      
    +--+-----------------------------+------+---------+---------+
       Total:                        430    0         0      
                                                             
       Stack:                        0      0         1024   
       Linker Generated:             0      49        0      
    +--+-----------------------------+------+---------+---------+
       Grand Total:                  2080   277       1090   


LINKER GENERATED COPY TABLES

__TI_cinit_table @ 00000930 records: 2, size/record: 8, table size: 16
	.data: load addr=00000908, load size=0000000d bytes, run addr=20000000, run size=0000001c bytes, compression=lzss
	.bss: load addr=00000928, load size=00000008 bytes, run addr=2000001c, run size=00000005 bytes, compression=zero_init


LINKER GENERATED HANDLER TABLE

__TI_handler_table @ 00000918 records: 3, size/record: 4, table size: 12
	index: 0, handler: __TI_decompress_lzss
	index: 1, handler: __TI_decompress_none
	index: 2, handler: __TI_zero_init


GLOBAL SYMBOLS: SORTED ALPHABETICALLY BY Name 

address   name                          
-------   ----                          
000008fb  ADC14_IRQHandler              
000008fb  AES256_IRQHandler             
000008fb  BusFault_Handler              
00000901  C$$EXIT                       
000008fb  COMP_E0_IRQHandler            
000008fb  COMP_E1_IRQHandler            
20000008  CPMwait                       
000008fb  CS_IRQHandler                 
20000000  ClockFrequency                
0000056d  Clock_Delay1ms                
00000543  Clock_Delay1us                
0000052f  Clock_GetFreq                 
00000419  Clock_Init48MHz               
20000014  Crystalstable                 
000008fb  DMA_ERR_IRQHandler            
000008fb  DMA_INT0_IRQHandler           
000008fb  DMA_INT1_IRQHandler           
000008fb  DMA_INT2_IRQHandler           
000008fb  DMA_INT3_IRQHandler           
000008fb  DebugMon_Handler              
000008fb  Default_Handler               
000008fb  EUSCIA0_IRQHandler            
000008fb  EUSCIA1_IRQHandler            
000008fb  EUSCIA2_IRQHandler            
000008fb  EUSCIA3_IRQHandler            
000008fb  EUSCIB0_IRQHandler            
000008fb  EUSCIB1_IRQHandler            
000008fb  EUSCIB2_IRQHandler            
000008fb  EUSCIB3_IRQHandler            
000008fb  FLCTL_IRQHandler              
000008fb  FPU_IRQHandler                
000008fb  HardFault_Handler             
20000010  IFlags                        
000008fb  MemManage_Handler             
000008fb  NMI_Handler                   
000008fb  PCM_IRQHandler                
000008fb  PORT1_IRQHandler              
000008fb  PORT2_IRQHandler              
000008fb  PORT3_IRQHandler              
000008fb  PORT4_IRQHandler              
000008fb  PORT5_IRQHandler              
000008fb  PORT6_IRQHandler              
000008fb  PSS_IRQHandler                
000008fb  PendSV_Handler                
2000000c  Postwait                      
20000004  Prewait                       
000008fb  RTC_C_IRQHandler              
000006af  Reflectance_Center            
000005f9  Reflectance_Init              
0000064b  Reflectance_Read              
000008ef  Reset_Handler                 
000008fb  SVC_Handler                   
000008fb  SysTick_Handler               
20000018  SystemCoreClock               
000000e5  SystemCoreClockUpdate         
0000035d  SystemInit                    
000008fb  T32_INT1_IRQHandler           
000008fb  T32_INT2_IRQHandler           
000008fb  T32_INTC_IRQHandler           
000008fb  TA0_0_IRQHandler              
000008fb  TA0_N_IRQHandler              
000008fb  TA1_0_IRQHandler              
000008fb  TA1_N_IRQHandler              
000008fb  TA2_0_IRQHandler              
000008fb  TA2_N_IRQHandler              
000008fb  TA3_0_IRQHandler              
000008fb  TA3_N_IRQHandler              
2000001c  Time                          
000008fb  UsageFault_Handler            
4000480c  WDTCTL_SYM                    
000008fb  WDT_A_IRQHandler              
20010000  __STACK_END                   
00000200  __STACK_SIZE                  
00000930  __TI_CINIT_Base               
00000940  __TI_CINIT_Limit              
00000918  __TI_Handler_Table_Base       
00000924  __TI_Handler_Table_Limit      
00000811  __TI_auto_init_nobinit_nopinit
000007a9  __TI_decompress_lzss          
000008e1  __TI_decompress_none          
ffffffff  __TI_pprof_out_hndl           
ffffffff  __TI_prof_data_size           
ffffffff  __TI_prof_data_start          
00000000  __TI_static_base__            
000008c5  __TI_zero_init_nomemset       
0000070d  __aeabi_memcpy                
0000070d  __aeabi_memcpy4               
0000070d  __aeabi_memcpy8               
ffffffff  __binit__                     
ffffffff  __c_args__                    
UNDEFED   __mpu_init                    
2000fe00  __stack                       
20000000  __start___llvm_prf_cnts       
20000000  __stop___llvm_prf_cnts        
00000891  _c_int00_noargs               
UNDEFED   _system_post_cinit            
000008fd  _system_pre_init              
00000901  abort                         
ffffffff  binit                         
20000020  data                          
00000535  delay                         
00000000  interruptVectors              
00000855  main                          
0000070d  memcpy                        


GLOBAL SYMBOLS: SORTED BY Symbol Address 

address   name                          
-------   ----                          
00000000  __TI_static_base__            
00000000  interruptVectors              
000000e5  SystemCoreClockUpdate         
00000200  __STACK_SIZE                  
0000035d  SystemInit                    
00000419  Clock_Init48MHz               
0000052f  Clock_GetFreq                 
00000535  delay                         
00000543  Clock_Delay1us                
0000056d  Clock_Delay1ms                
000005f9  Reflectance_Init              
0000064b  Reflectance_Read              
000006af  Reflectance_Center            
0000070d  __aeabi_memcpy                
0000070d  __aeabi_memcpy4               
0000070d  __aeabi_memcpy8               
0000070d  memcpy                        
000007a9  __TI_decompress_lzss          
00000811  __TI_auto_init_nobinit_nopinit
00000855  main                          
00000891  _c_int00_noargs               
000008c5  __TI_zero_init_nomemset       
000008e1  __TI_decompress_none          
000008ef  Reset_Handler                 
000008fb  ADC14_IRQHandler              
000008fb  AES256_IRQHandler             
000008fb  BusFault_Handler              
000008fb  COMP_E0_IRQHandler            
000008fb  COMP_E1_IRQHandler            
000008fb  CS_IRQHandler                 
000008fb  DMA_ERR_IRQHandler            
000008fb  DMA_INT0_IRQHandler           
000008fb  DMA_INT1_IRQHandler           
000008fb  DMA_INT2_IRQHandler           
000008fb  DMA_INT3_IRQHandler           
000008fb  DebugMon_Handler              
000008fb  Default_Handler               
000008fb  EUSCIA0_IRQHandler            
000008fb  EUSCIA1_IRQHandler            
000008fb  EUSCIA2_IRQHandler            
000008fb  EUSCIA3_IRQHandler            
000008fb  EUSCIB0_IRQHandler            
000008fb  EUSCIB1_IRQHandler            
000008fb  EUSCIB2_IRQHandler            
000008fb  EUSCIB3_IRQHandler            
000008fb  FLCTL_IRQHandler              
000008fb  FPU_IRQHandler                
000008fb  HardFault_Handler             
000008fb  MemManage_Handler             
000008fb  NMI_Handler                   
000008fb  PCM_IRQHandler                
000008fb  PORT1_IRQHandler              
000008fb  PORT2_IRQHandler              
000008fb  PORT3_IRQHandler              
000008fb  PORT4_IRQHandler              
000008fb  PORT5_IRQHandler              
000008fb  PORT6_IRQHandler              
000008fb  PSS_IRQHandler                
000008fb  PendSV_Handler                
000008fb  RTC_C_IRQHandler              
000008fb  SVC_Handler                   
000008fb  SysTick_Handler               
000008fb  T32_INT1_IRQHandler           
000008fb  T32_INT2_IRQHandler           
000008fb  T32_INTC_IRQHandler           
000008fb  TA0_0_IRQHandler              
000008fb  TA0_N_IRQHandler              
000008fb  TA1_0_IRQHandler              
000008fb  TA1_N_IRQHandler              
000008fb  TA2_0_IRQHandler              
000008fb  TA2_N_IRQHandler              
000008fb  TA3_0_IRQHandler              
000008fb  TA3_N_IRQHandler              
000008fb  UsageFault_Handler            
000008fb  WDT_A_IRQHandler              
000008fd  _system_pre_init              
00000901  C$$EXIT                       
00000901  abort                         
00000918  __TI_Handler_Table_Base       
00000924  __TI_Handler_Table_Limit      
00000930  __TI_CINIT_Base               
00000940  __TI_CINIT_Limit              
20000000  ClockFrequency                
20000000  __start___llvm_prf_cnts       
20000000  __stop___llvm_prf_cnts        
20000004  Prewait                       
20000008  CPMwait                       
2000000c  Postwait                      
20000010  IFlags                        
20000014  Crystalstable                 
20000018  SystemCoreClock               
2000001c  Time                          
20000020  data                          
2000fe00  __stack                       
20010000  __STACK_END                   
4000480c  WDTCTL_SYM                    
ffffffff  __TI_pprof_out_hndl           
ffffffff  __TI_prof_data_size           
ffffffff  __TI_prof_data_start          
ffffffff  __binit__                     
ffffffff  __c_args__                    
ffffffff  binit                         
UNDEFED   __mpu_init                    
UNDEFED   _system_post_cinit            

[104 symbols]
